// Jest Snapshot v1, https://goo.gl/fbAQLP

exports[`format activity 1`] = `"activitiy @ location"`;

exports[`format date 1`] = `"2000 M01"`;

exports[`format date 2`] = `"2017 M12"`;

exports[`format date 3`] = `"2017 M06"`;

exports[`format period 1`] = `"2000 M01 - heute"`;

exports[`format period 2`] = `"2000 M01 - 2000 M05"`;
