// Jest Snapshot v1, https://goo.gl/fbAQLP

exports[`format activity 1`] = `"activitiy @ location"`;

exports[`format date 1`] = `"Jan 2000"`;

exports[`format date 2`] = `"Dec 2017"`;

exports[`format date 3`] = `"Jun 2017"`;

exports[`format period 1`] = `"Jan 2000 - heute"`;

exports[`format period 2`] = `"Jan 2000 - May 2000"`;
