// Jest Snapshot v1, https://goo.gl/fbAQLP

exports[`render correctly 1`] = `
.c0 {
  font-size: 1rem;
  line-height: 2rem;
  padding-top: 0.625rem;
  margin-top: 0;
  margin-bottom: 1.375rem;
  color: #757575;
  font-family: 'Montserrat',sans-serif;
  font-weight: 600;
}

<h5
  className="c0"
>
  Text
</h5>
`;
