// Jest Snapshot v1, https://goo.gl/fbAQLP

exports[`render correctly 1`] = `
.c0 {
  font-size: 3.375rem;
  line-height: 4rem;
  padding-top: 0.75rem;
  margin-top: 0;
  margin-bottom: 1.25rem;
  color: #212121;
  font-family: 'Montserrat',sans-serif;
  font-weight: 600;
  -webkit-letter-spacing: -1px;
  -moz-letter-spacing: -1px;
  -ms-letter-spacing: -1px;
  letter-spacing: -1px;
}

<h1
  className="c0"
>
  Text
</h1>
`;
