// Jest Snapshot v1, https://goo.gl/fbAQLP

exports[`render correctly 1`] = `
.c0 {
  font-size: 2.25rem;
  line-height: 4rem;
  padding-top: 0.25rem;
  margin-top: 0;
  margin-bottom: 1.75rem;
  color: #212121;
  font-family: 'Montserrat',sans-serif;
  font-weight: 600;
}

<h2
  className="c0"
>
  Text
</h2>
`;
