// Jest Snapshot v1, https://goo.gl/fbAQLP

exports[`render correctly 1`] = `
.c0 {
  font-size: 1.5rem;
  line-height: 2rem;
  padding-top: 0.4375rem;
  margin-top: 0;
  margin-bottom: 1.5625rem;
  color: #212121;
  font-family: 'Montserrat',sans-serif;
  font-weight: 600;
  text-transform: uppercase;
}

<h3
  className="c0"
>
  Text
</h3>
`;
