// Jest Snapshot v1, https://goo.gl/fbAQLP

exports[`render correct 1`] = `
.c0 {
  font-size: 1rem;
  line-height: 2rem;
  padding-top: 0.625rem;
  margin-top: 0;
  margin-bottom: 0.375rem;
  color: #757575;
  font-family: 'Raleway',sans-serif;
  font-weight: 300;
}

.c0:before {
  content: '-';
  color: #bdbdbd;
  padding-right: 10px;
}

<li
  className="c0"
/>
`;
