// Jest Snapshot v1, https://goo.gl/fbAQLP

exports[`ensure value is px (custom base font size) 1`] = `16`;

exports[`ensure value is px (custom base font size) 2`] = `20`;

exports[`ensure value is px (custom base font size) 3`] = `20`;

exports[`ensure value is px (custom base font size) 4`] = `37.5`;

exports[`ensure value is px (using base font size) 1`] = `16`;

exports[`ensure value is px (using base font size) 2`] = `16`;

exports[`ensure value is px (using base font size) 3`] = `24`;

exports[`ensure value is px (using base font size) 4`] = `20`;

exports[`px 1`] = `"16px"`;

exports[`px 2`] = `"1px"`;

exports[`px 3`] = `"24px"`;

exports[`px 4`] = `"0px"`;

exports[`px to rem (custom base font size) 1`] = `"1.6rem"`;

exports[`px to rem (custom base font size) 2`] = `"0.1rem"`;

exports[`px to rem (custom base font size) 3`] = `"1rem"`;

exports[`px to rem (using base font size) 1`] = `"1rem"`;

exports[`px to rem (using base font size) 2`] = `"0.0625rem"`;

exports[`px to rem (using base font size) 3`] = `"1.25rem"`;

exports[`px to rem (using base font size) 4`] = `"0rem"`;

exports[`rem to px (custom base font size) 1`] = `12`;

exports[`rem to px (custom base font size) 2`] = `12.5`;

exports[`rem to px (custom base font size) 3`] = `12`;

exports[`rem to px (custom base font size) 4`] = `0`;

exports[`rem to px (using base font size) 1`] = `16`;

exports[`rem to px (using base font size) 2`] = `20`;

exports[`rem to px (using base font size) 3`] = `12`;

exports[`rem to px (using base font size) 4`] = `0`;
