// Jest Snapshot v1, https://goo.gl/fbAQLP

exports[`get html font size 1`] = `16`;

exports[`typography 1`] = `
Object {
  "color": "#757575",
  "fontFamily": "'Raleway', sans-serif;",
  "fontSize": "1rem",
  "fontWeight": 300,
  "lineHeight": "2rem",
  "marginBottom": "0.375rem",
  "marginTop": 0,
  "paddingTop": "0.625rem",
}
`;

exports[`typography 2`] = `
Object {
  "color": "#bdbdbd",
  "fontFamily": "'Montserrat', sans-serif;",
  "fontSize": "1rem",
  "fontWeight": 300,
  "lineHeight": "1rem",
  "marginBottom": "0.875rem",
  "marginTop": 0,
  "paddingTop": "0.125rem",
}
`;
