// Jest Snapshot v1, https://goo.gl/fbAQLP

exports[`render <SysmetricBaseline/> 1`] = `
.c0 {
  position: absolute;
  top: 0;
  left: 0;
  right: 0;
  bottom: 0;
  z-index: -1;
  background-image: repeating-linear-gradient( to bottom, rgba(255,105,180,0.5), rgba(255,105,180,0.5) 1px, transparent 1px, transparent NaNrem );
}

<BaselineGrid>
  <Baseline>
    <div
      className="c0"
    />
  </Baseline>
</BaselineGrid>
`;

exports[`render nothing 1`] = `<BaselineGrid />`;
