// Jest Snapshot v1, https://goo.gl/fbAQLP

exports[`render correct 1`] = `
.c0 {
  color: #757575;
  -webkit-text-decoration: none;
  text-decoration: none;
  -webkit-transition: color 200ms ease-in-out;
  transition: color 200ms ease-in-out;
}

.c0:hover {
  color: #9e9e9e;
}

<a
  className="c0"
/>
`;
